// Jest Snapshot v1, https://goo.gl/fbAQLP

exports[`matches snapshot 1`] = `
<DocumentFragment>
  <form>
    <label
      for="height"
    >
      Height
    </label>
    <input
      id="height"
      required=""
      type="number"
    />
    <br />
    <label
      for="width"
    >
      Width
    </label>
    <input
      id="width"
      required=""
      type="number"
    />
    <br />
    <label
      for="backgroundColor"
    >
      Background Color
    </label>
    <input
      id="backgroundColor"
      required=""
      type="text"
    />
    <br />
    <button>
      Create Box
    </button>
  </form>
</DocumentFragment>
`;
